2026.04.16 12:54:25 INFO  Started: Metals version 1.6.7 in folders 'C:\TestProjects\kafka_test' for client Visual Studio Code 1.116.0.
2026.04.16 12:54:25 INFO  Memory monitor started
2026.04.16 12:54:25 WARN  Using H2 2.4.240 which is newer than the version Flyway has been verified with. The latest verified version of H2 is 2.3.232.
2026.04.16 12:54:25 INFO  no build target found for C:\TestProjects\kafka_test\src\main\java\org\example\kafkamock\KafkaMockApplication.java. Using fallback presentation compiler.
2026.04.16 12:54:26 INFO  no build target found for C:\TestProjects\kafka_test\src\main\java\org\example\kafkamock\KafkaMockApplication.java. Using fallback presentation compiler.
2026.04.16 12:54:32 INFO  no build target found for C:\TestProjects\kafka_test\src\main\java\org\example\kafkamock\KafkaMockApplication.java. Using fallback presentation compiler.
2026.04.16 12:54:32 WARN  no build target for: C:\TestProjects\kafka_test\src\main\java\org\example\kafkamock\KafkaMockApplication.java
2026.04.16 12:54:32 INFO  no build target found for C:\TestProjects\kafka_test\src\main\java\org\example\kafkamock\KafkaMockApplication.java. Using fallback presentation compiler.
2026.04.16 12:54:32 INFO  no build target found for C:\TestProjects\kafka_test\src\main\java\org\example\kafkamock\KafkaMockApplication.java. Using fallback presentation compiler.
2026.04.16 12:54:32 INFO  no build target found for C:\TestProjects\kafka_test\src\main\java\org\example\kafkamock\KafkaMockApplication.java. Using fallback presentation compiler.
2026.04.16 12:54:53 INFO  no build target found for c:\TestProjects\kafka_test\src\main\java\org\example\kafkamock\KafkaMockApplication.java. Using fallback presentation compiler.
???. 16, 2026 12:55:25 PM org.eclipse.lsp4j.jsonrpc.services.GenericEndpoint notify
INFO: Unsupported notification method: $/setTrace
2026.04.16 13:02:01 INFO  no build target found for C:\TestProjects\kafka_test\src\main\java\org\example\kafkamock\KafkaMockApplication.java. Using fallback presentation compiler.
2026.04.16 13:02:08 INFO  no build target found for C:\TestProjects\kafka_test\src\main\java\org\example\kafkamock\KafkaMockApplication.java. Using fallback presentation compiler.
2026.04.16 13:02:08 WARN  Running javac-semanticdb failed for file:///C:/TestProjects/kafka_test/src/main/java/org/example/kafkamock/KafkaMockApplication.java. Output:

2026.04.16 13:02:08 INFO  Created report: Optional[file:///C:/TestProjects/kafka_test/src/main/java/org/example/kafkamock/KafkaMockApplication.java]
2026.04.16 13:02:08 INFO  QDox parse error in file:///C:/TestProjects/kafka_test/src/main/java/org/example/kafkamock/KafkaMockApplication.java (full report at: "C:\TestProjects\kafka_test\.metals\.reports\metals-full\2026-04-16\r_qdox-error_13-02-09-132.md")
2026.04.16 13:02:09 INFO  no build target found for C:\TestProjects\kafka_test\src\main\java\org\example\kafkamock\KafkaMockApplication.java. Using fallback presentation compiler.
2026.04.16 13:02:08 INFO  no build target found for C:\TestProjects\kafka_test\src\main\java\org\example\kafkamock\KafkaMockApplication.java. Using fallback presentation compiler.
2026.04.16 13:02:09 INFO  no build target found for C:\TestProjects\kafka_test\src\main\java\org\example\kafkamock\KafkaMockApplication.java. Using fallback presentation compiler.
2026.04.16 13:02:09 WARN  no build target for: C:\TestProjects\kafka_test\src\main\java\org\example\kafkamock\KafkaMockApplication.java
2026.04.16 13:02:09 INFO  no build target found for C:\TestProjects\kafka_test\src\main\java\org\example\kafkamock\KafkaMockApplication.java. Using fallback presentation compiler.
2026.04.16 13:02:09 INFO  no build target found for C:\TestProjects\kafka_test\src\main\java\org\example\kafkamock\KafkaMockApplication.java. Using fallback presentation compiler.
2026.04.16 13:02:20 INFO  no build target found for C:\TestProjects\kafka_test\src\main\java\org\example\kafkamock\model\KafkaMessage.java. Using fallback presentation compiler.
2026.04.16 13:02:24 INFO  no build target found for C:\TestProjects\kafka_test\src\main\java\org\example\kafkamock\model\KafkaMessage.java. Using fallback presentation compiler.
2026.04.16 13:02:24 INFO  no build target found for C:\TestProjects\kafka_test\src\main\java\org\example\kafkamock\model\KafkaMessage.java. Using fallback presentation compiler.
2026.04.16 13:02:24 INFO  no build target found for C:\TestProjects\kafka_test\src\main\java\org\example\kafkamock\model\KafkaMessage.java. Using fallback presentation compiler.
2026.04.16 13:02:25 WARN  no build target for: C:\TestProjects\kafka_test\src\main\java\org\example\kafkamock\model\KafkaMessage.java
2026.04.16 13:02:25 INFO  no build target found for C:\TestProjects\kafka_test\src\main\java\org\example\kafkamock\model\KafkaMessage.java. Using fallback presentation compiler.
2026.04.16 13:02:32 INFO  no build target found for C:\TestProjects\kafka_test\src\main\java\org\example\kafkamock\entity\KafkaMessageEntity.java. Using fallback presentation compiler.
2026.04.16 13:02:36 INFO  no build target found for C:\TestProjects\kafka_test\src\main\java\org\example\kafkamock\entity\KafkaMessageEntity.java. Using fallback presentation compiler.
2026.04.16 13:02:36 INFO  no build target found for C:\TestProjects\kafka_test\src\main\java\org\example\kafkamock\entity\KafkaMessageEntity.java. Using fallback presentation compiler.
2026.04.16 13:02:36 INFO  no build target found for C:\TestProjects\kafka_test\src\main\java\org\example\kafkamock\entity\KafkaMessageEntity.java. Using fallback presentation compiler.
2026.04.16 13:02:36 WARN  no build target for: C:\TestProjects\kafka_test\src\main\java\org\example\kafkamock\entity\KafkaMessageEntity.java
2026.04.16 13:02:36 INFO  no build target found for C:\TestProjects\kafka_test\src\main\java\org\example\kafkamock\entity\KafkaMessageEntity.java. Using fallback presentation compiler.
2026.04.16 13:02:43 INFO  no build target found for C:\TestProjects\kafka_test\src\main\java\org\example\kafkamock\repository\KafkaMessageRepository.java. Using fallback presentation compiler.
2026.04.16 13:02:46 INFO  no build target found for C:\TestProjects\kafka_test\src\main\java\org\example\kafkamock\repository\KafkaMessageRepository.java. Using fallback presentation compiler.
2026.04.16 13:02:46 WARN  Running javac-semanticdb failed for file:///C:/TestProjects/kafka_test/src/main/java/org/example/kafkamock/repository/KafkaMessageRepository.java. Output:

2026.04.16 13:02:46 INFO  Created report: Optional[file:///C:/TestProjects/kafka_test/src/main/java/org/example/kafkamock/repository/KafkaMessageRepository.java]
2026.04.16 13:02:46 INFO  QDox parse error in file:///C:/TestProjects/kafka_test/src/main/java/org/example/kafkamock/repository/KafkaMessageRepository.java (full report at: "C:\TestProjects\kafka_test\.metals\.reports\metals-full\2026-04-16\r_qdox-error_13-02-46-886.md")
2026.04.16 13:02:46 INFO  no build target found for C:\TestProjects\kafka_test\src\main\java\org\example\kafkamock\repository\KafkaMessageRepository.java. Using fallback presentation compiler.
2026.04.16 13:02:46 INFO  no build target found for C:\TestProjects\kafka_test\src\main\java\org\example\kafkamock\repository\KafkaMessageRepository.java. Using fallback presentation compiler.
2026.04.16 13:02:47 INFO  no build target found for C:\TestProjects\kafka_test\src\main\java\org\example\kafkamock\repository\KafkaMessageRepository.java. Using fallback presentation compiler.
2026.04.16 13:02:47 WARN  no build target for: C:\TestProjects\kafka_test\src\main\java\org\example\kafkamock\repository\KafkaMessageRepository.java
2026.04.16 13:02:47 INFO  no build target found for C:\TestProjects\kafka_test\src\main\java\org\example\kafkamock\repository\KafkaMessageRepository.java. Using fallback presentation compiler.
2026.04.16 13:02:47 WARN  no build target for: C:\TestProjects\kafka_test\src\main\java\org\example\kafkamock\repository\KafkaMessageRepository.java
2026.04.16 13:02:47 INFO  no build target found for C:\TestProjects\kafka_test\src\main\java\org\example\kafkamock\repository\KafkaMessageRepository.java. Using fallback presentation compiler.
2026.04.16 13:02:55 INFO  no build target found for C:\TestProjects\kafka_test\src\main\java\org\example\kafkamock\service\KafkaConsumerService.java. Using fallback presentation compiler.
2026.04.16 13:02:57 INFO  no build target found for C:\TestProjects\kafka_test\src\main\java\org\example\kafkamock\service\KafkaConsumerService.java. Using fallback presentation compiler.
2026.04.16 13:02:57 INFO  no build target found for C:\TestProjects\kafka_test\src\main\java\org\example\kafkamock\service\KafkaConsumerService.java. Using fallback presentation compiler.
2026.04.16 13:02:57 WARN  Running javac-semanticdb failed for file:///C:/TestProjects/kafka_test/src/main/java/org/example/kafkamock/service/KafkaConsumerService.java. Output:

2026.04.16 13:02:57 INFO  Created report: Optional[file:///C:/TestProjects/kafka_test/src/main/java/org/example/kafkamock/service/KafkaConsumerService.java]
2026.04.16 13:02:57 INFO  QDox parse error in file:///C:/TestProjects/kafka_test/src/main/java/org/example/kafkamock/service/KafkaConsumerService.java (full report at: "C:\TestProjects\kafka_test\.metals\.reports\metals-full\2026-04-16\r_qdox-error_13-02-57-925.md")
2026.04.16 13:02:57 INFO  no build target found for C:\TestProjects\kafka_test\src\main\java\org\example\kafkamock\service\KafkaConsumerService.java. Using fallback presentation compiler.
2026.04.16 13:02:57 INFO  QDox parse error in file:///C:/TestProjects/kafka_test/src/main/java/org/example/kafkamock/service/KafkaConsumerService.java (full report at: "C:\TestProjects\kafka_test\.metals\.reports\metals-full\2026-04-16\r_qdox-error_13-02-57-925.md")
2026.04.16 13:02:57 INFO  no build target found for C:\TestProjects\kafka_test\src\main\java\org\example\kafkamock\service\KafkaConsumerService.java. Using fallback presentation compiler.
2026.04.16 13:02:57 INFO  no build target found for C:\TestProjects\kafka_test\src\main\java\org\example\kafkamock\service\KafkaConsumerService.java. Using fallback presentation compiler.
2026.04.16 13:02:57 INFO  QDox parse error in file:///C:/TestProjects/kafka_test/src/main/java/org/example/kafkamock/service/KafkaConsumerService.java (full report at: "C:\TestProjects\kafka_test\.metals\.reports\metals-full\2026-04-16\r_qdox-error_13-02-57-925.md")
2026.04.16 13:02:57 INFO  no build target found for C:\TestProjects\kafka_test\src\main\java\org\example\kafkamock\service\KafkaConsumerService.java. Using fallback presentation compiler.
2026.04.16 13:02:57 WARN  no build target for: C:\TestProjects\kafka_test\src\main\java\org\example\kafkamock\service\KafkaConsumerService.java
2026.04.16 13:02:57 INFO  no build target found for C:\TestProjects\kafka_test\src\main\java\org\example\kafkamock\service\KafkaConsumerService.java. Using fallback presentation compiler.
2026.04.16 13:02:57 INFO  no build target found for C:\TestProjects\kafka_test\src\main\java\org\example\kafkamock\service\KafkaConsumerService.java. Using fallback presentation compiler.
2026.04.16 13:02:57 INFO  no build target found for C:\TestProjects\kafka_test\src\main\java\org\example\kafkamock\service\KafkaConsumerService.java. Using fallback presentation compiler.
2026.04.16 13:02:57 INFO  no build target found for C:\TestProjects\kafka_test\src\main\java\org\example\kafkamock\service\KafkaConsumerService.java. Using fallback presentation compiler.
2026.04.16 13:02:57 INFO  no build target found for C:\TestProjects\kafka_test\src\main\java\org\example\kafkamock\service\KafkaConsumerService.java. Using fallback presentation compiler.
2026.04.16 13:17:01 INFO  no build target found for C:\TestProjects\kafka_test\src\main\java\org\example\kafkamock\KafkaMockApplication.java. Using fallback presentation compiler.
2026.04.16 13:17:01 WARN  no build target for: C:\TestProjects\kafka_test\src\main\java\org\example\kafkamock\KafkaMockApplication.java
2026.04.16 13:17:01 INFO  no build target found for C:\TestProjects\kafka_test\src\main\java\org\example\kafkamock\KafkaMockApplication.java. Using fallback presentation compiler.
2026.04.16 13:17:01 INFO  no build target found for C:\TestProjects\kafka_test\src\main\java\org\example\kafkamock\KafkaMockApplication.java. Using fallback presentation compiler.
2026.04.16 13:17:01 INFO  no build target found for C:\TestProjects\kafka_test\src\main\java\org\example\kafkamock\KafkaMockApplication.java. Using fallback presentation compiler.
???. 16, 2026 1:50:09 PM org.eclipse.lsp4j.jsonrpc.services.GenericEndpoint notify
INFO: Unsupported notification method: $/setTrace
???. 16, 2026 1:50:09 PM org.eclipse.lsp4j.jsonrpc.services.GenericEndpoint notify
INFO: Unsupported notification method: $/setTrace
???. 16, 2026 1:54:01 PM org.eclipse.lsp4j.jsonrpc.services.GenericEndpoint notify
INFO: Unsupported notification method: $/setTrace
???. 16, 2026 1:54:48 PM org.eclipse.lsp4j.jsonrpc.services.GenericEndpoint notify
INFO: Unsupported notification method: $/setTrace
???. 16, 2026 1:54:49 PM org.eclipse.lsp4j.jsonrpc.services.GenericEndpoint notify
INFO: Unsupported notification method: $/setTrace
???. 16, 2026 1:57:55 PM org.eclipse.lsp4j.jsonrpc.services.GenericEndpoint notify
INFO: Unsupported notification method: $/setTrace
2026.04.16 13:59:37 INFO  no build target found for C:\TestProjects\kafka_test\src\main\java\org\example\kafkamock\KafkaMockApplication.java. Using fallback presentation compiler.
2026.04.16 13:59:37 WARN  no build target for: C:\TestProjects\kafka_test\src\main\java\org\example\kafkamock\KafkaMockApplication.java
2026.04.16 13:59:37 INFO  no build target found for C:\TestProjects\kafka_test\src\main\java\org\example\kafkamock\KafkaMockApplication.java. Using fallback presentation compiler.
2026.04.16 13:59:37 INFO  no build target found for C:\TestProjects\kafka_test\src\main\java\org\example\kafkamock\KafkaMockApplication.java. Using fallback presentation compiler.
2026.04.16 13:59:37 INFO  no build target found for C:\TestProjects\kafka_test\src\main\java\org\example\kafkamock\KafkaMockApplication.java. Using fallback presentation compiler.
2026.04.16 13:59:46 INFO  no build target found for C:\TestProjects\kafka_test\src\main\java\org\example\kafkamock\KafkaMockApplication.java. Using fallback presentation compiler.
2026.04.16 13:59:46 INFO  no build target found for C:\TestProjects\kafka_test\src\main\java\org\example\kafkamock\KafkaMockApplication.java. Using fallback presentation compiler.
2026.04.16 13:59:47 INFO  no build target found for C:\TestProjects\kafka_test\src\main\java\org\example\kafkamock\KafkaMockApplication.java. Using fallback presentation compiler.
2026.04.16 13:59:52 INFO  no build target found for C:\TestProjects\kafka_test\src\main\java\org\example\kafkamock\KafkaMockApplication.java. Using fallback presentation compiler.
2026.04.16 13:59:52 INFO  no build target found for C:\TestProjects\kafka_test\src\main\java\org\example\kafkamock\KafkaMockApplication.java. Using fallback presentation compiler.
2026.04.16 13:59:59 INFO  no build target found for C:\TestProjects\kafka_test\src\main\java\org\example\kafkamock\KafkaMockApplication.java. Using fallback presentation compiler.
2026.04.16 13:59:59 INFO  no build target found for C:\TestProjects\kafka_test\src\main\java\org\example\kafkamock\KafkaMockApplication.java. Using fallback presentation compiler.
2026.04.16 13:59:59 INFO  no build target found for C:\TestProjects\kafka_test\src\main\java\org\example\kafkamock\KafkaMockApplication.java. Using fallback presentation compiler.
2026.04.16 14:00:00 INFO  no build target found for C:\TestProjects\kafka_test\src\main\java\org\example\kafkamock\KafkaMockApplication.java. Using fallback presentation compiler.
2026.04.16 14:00:00 INFO  no build target found for C:\TestProjects\kafka_test\src\main\java\org\example\kafkamock\KafkaMockApplication.java. Using fallback presentation compiler.
2026.04.16 14:00:00 INFO  no build target found for C:\TestProjects\kafka_test\src\main\java\org\example\kafkamock\KafkaMockApplication.java. Using fallback presentation compiler.
2026.04.16 14:00:01 INFO  no build target found for C:\TestProjects\kafka_test\src\main\java\org\example\kafkamock\KafkaMockApplication.java. Using fallback presentation compiler.
2026.04.16 14:00:01 INFO  no build target found for C:\TestProjects\kafka_test\src\main\java\org\example\kafkamock\KafkaMockApplication.java. Using fallback presentation compiler.
2026.04.16 14:00:03 INFO  no build target found for C:\TestProjects\kafka_test\src\main\java\org\example\kafkamock\KafkaMockApplication.java. Using fallback presentation compiler.
2026.04.16 14:00:03 INFO  no build target found for C:\TestProjects\kafka_test\src\main\java\org\example\kafkamock\KafkaMockApplication.java. Using fallback presentation compiler.
2026.04.16 14:00:03 INFO  no build target found for C:\TestProjects\kafka_test\src\main\java\org\example\kafkamock\KafkaMockApplication.java. Using fallback presentation compiler.
2026.04.16 14:00:05 INFO  no build target found for C:\TestProjects\kafka_test\src\main\java\org\example\kafkamock\KafkaMockApplication.java. Using fallback presentation compiler.
2026.04.16 14:02:13 INFO  no build target found for C:\TestProjects\kafka_test\src\main\java\org\example\kafkamock\service\KafkaConsumerService.java. Using fallback presentation compiler.
2026.04.16 14:02:13 WARN  no build target for: C:\TestProjects\kafka_test\src\main\java\org\example\kafkamock\service\KafkaConsumerService.java
2026.04.16 14:02:13 INFO  no build target found for C:\TestProjects\kafka_test\src\main\java\org\example\kafkamock\service\KafkaConsumerService.java. Using fallback presentation compiler.
2026.04.16 14:02:13 INFO  no build target found for C:\TestProjects\kafka_test\src\main\java\org\example\kafkamock\service\KafkaConsumerService.java. Using fallback presentation compiler.
2026.04.16 14:02:13 INFO  no build target found for C:\TestProjects\kafka_test\src\main\java\org\example\kafkamock\service\KafkaConsumerService.java. Using fallback presentation compiler.
2026.04.16 14:02:13 INFO  no build target found for C:\TestProjects\kafka_test\src\main\java\org\example\kafkamock\KafkaMockApplication.java. Using fallback presentation compiler.
2026.04.16 14:02:13 WARN  no build target for: C:\TestProjects\kafka_test\src\main\java\org\example\kafkamock\KafkaMockApplication.java
2026.04.16 14:02:14 INFO  no build target found for C:\TestProjects\kafka_test\src\main\java\org\example\kafkamock\KafkaMockApplication.java. Using fallback presentation compiler.
2026.04.16 14:02:13 INFO  no build target found for C:\TestProjects\kafka_test\src\main\java\org\example\kafkamock\KafkaMockApplication.java. Using fallback presentation compiler.
2026.04.16 14:02:13 INFO  no build target found for C:\TestProjects\kafka_test\src\main\java\org\example\kafkamock\KafkaMockApplication.java. Using fallback presentation compiler.
2026.04.17 03:45:24 INFO  no build target found for C:\TestProjects\kafka_test\src\main\java\org\example\kafkamock\KafkaMockApplication.java. Using fallback presentation compiler.
2026.04.17 03:45:24 INFO  no build target found for C:\TestProjects\kafka_test\src\main\java\org\example\kafkamock\KafkaMockApplication.java. Using fallback presentation compiler.
???. 17, 2026 3:45:24 AM org.eclipse.lsp4j.jsonrpc.RemoteEndpoint handleCancellation
WARNING: Unmatched cancel notification for request id 194
???. 17, 2026 3:45:24 AM org.eclipse.lsp4j.jsonrpc.RemoteEndpoint handleCancellation
WARNING: Unmatched cancel notification for request id 195
2026.04.17 03:45:24 INFO  no build target found for C:\TestProjects\kafka_test\src\main\java\org\example\kafkamock\KafkaMockApplication.java. Using fallback presentation compiler.
2026.04.17 11:36:10 INFO  no build target found for C:\TestProjects\kafka_test\src\main\java\org\example\kafkamock\KafkaMockApplication.java. Using fallback presentation compiler.
2026.04.17 11:36:10 INFO  no build target found for C:\TestProjects\kafka_test\src\main\java\org\example\kafkamock\KafkaMockApplication.java. Using fallback presentation compiler.
2026.04.17 11:36:10 INFO  no build target found for C:\TestProjects\kafka_test\src\main\java\org\example\kafkamock\KafkaMockApplication.java. Using fallback presentation compiler.
???. 17, 2026 11:36:10 AM org.eclipse.lsp4j.jsonrpc.RemoteEndpoint handleCancellation
WARNING: Unmatched cancel notification for request id 197
???. 17, 2026 11:36:10 AM org.eclipse.lsp4j.jsonrpc.RemoteEndpoint handleCancellation
WARNING: Unmatched cancel notification for request id 198
2026.04.17 15:17:03 INFO  no build target found for C:\TestProjects\kafka_test\src\main\java\org\example\kafkamock\model\KafkaMessage.java. Using fallback presentation compiler.
2026.04.17 15:17:04 INFO  no build target found for C:\TestProjects\kafka_test\src\main\java\org\example\kafkamock\entity\KafkaMessageEntity.java. Using fallback presentation compiler.
2026.04.17 15:17:05 INFO  no build target found for C:\TestProjects\kafka_test\src\main\java\org\example\kafkamock\repository\KafkaMessageRepository.java. Using fallback presentation compiler.
2026.04.17 15:17:08 INFO  no build target found for C:\TestProjects\kafka_test\src\main\java\org\example\kafkamock\service\KafkaConsumerService.java. Using fallback presentation compiler.
2026.04.17 15:17:09 INFO  no build target found for C:\TestProjects\kafka_test\src\main\java\org\example\kafkamock\KafkaMockApplication.java. Using fallback presentation compiler.
???. 17, 2026 3:32:05 PM org.eclipse.lsp4j.jsonrpc.services.GenericEndpoint notify
INFO: Unsupported notification method: $/setTrace
2026.04.17 16:41:33 INFO  Shutting down server
2026.04.17 16:41:33 INFO  Memory monitor stopped
2026.04.17 16:41:33 INFO  shutting down Metals
2026.04.17 16:41:33 INFO  Exiting server
2026.04.17 23:41:09 INFO  Started: Metals version 1.6.7 in folders 'C:\TestProjects\kafka_test' for client Visual Studio Code 1.116.0.
2026.04.17 23:41:09 INFO  Memory monitor started
2026.04.17 23:41:10 WARN  Using H2 2.4.240 which is newer than the version Flyway has been verified with. The latest verified version of H2 is 2.3.232.
???. 17, 2026 11:41:23 PM org.eclipse.lsp4j.jsonrpc.RemoteEndpoint handleNotification
WARNING: Notification threw an exception: {
  "jsonrpc": "2.0",
  "method": "metals/didFocusTextDocument",
  "params": [
    "class:/c%3A/TestProjects/kafka_test/target/classes/org/example/kafkamock/KafkaMockApplication.class"
  ]
}
java.nio.file.FileSystemNotFoundException: Provider "class" not installed
	at java.base/java.nio.file.Path.of(Path.java:212)
	at java.base/java.nio.file.Paths.get(Paths.java:98)
	at scala.meta.internal.mtags.MtagsEnrichments$XtensionURIMtags.toAbsolutePath(MtagsEnrichments.scala:149)
	at scala.meta.internal.mtags.MtagsEnrichments$XtensionStringMtags.toAbsolutePath(MtagsEnrichments.scala:209)
	at scala.meta.internal.metals.MetalsEnrichments$XtensionString.toAbsolutePath(MetalsEnrichments.scala:787)
	at scala.meta.internal.metals.MetalsEnrichments$XtensionString.toAbsolutePath(MetalsEnrichments.scala:784)
	at scala.meta.internal.metals.WorkspaceLspService.didFocus(WorkspaceLspService.scala:808)
	at scala.meta.metals.lsp.DelegatingScalaService.didFocus(DelegatingScalaService.scala:42)
	at java.base/jdk.internal.reflect.NativeMethodAccessorImpl.invoke0(Native Method)
	at java.base/jdk.internal.reflect.NativeMethodAccessorImpl.invoke(NativeMethodAccessorImpl.java:77)
	at java.base/jdk.internal.reflect.DelegatingMethodAccessorImpl.invoke(DelegatingMethodAccessorImpl.java:43)
	at java.base/java.lang.reflect.Method.invoke(Method.java:569)
	at org.eclipse.lsp4j.jsonrpc.services.GenericEndpoint.lambda$recursiveFindRpcMethods$0(GenericEndpoint.java:65)
	at org.eclipse.lsp4j.jsonrpc.services.GenericEndpoint.notify(GenericEndpoint.java:160)
	at org.eclipse.lsp4j.jsonrpc.RemoteEndpoint.handleNotification(RemoteEndpoint.java:225)
	at org.eclipse.lsp4j.jsonrpc.RemoteEndpoint.consume(RemoteEndpoint.java:192)
	at org.eclipse.lsp4j.jsonrpc.json.StreamMessageProducer.handleMessage(StreamMessageProducer.java:189)
	at org.eclipse.lsp4j.jsonrpc.json.StreamMessageProducer.listen(StreamMessageProducer.java:97)
	at org.eclipse.lsp4j.jsonrpc.json.ConcurrentMessageProcessor.run(ConcurrentMessageProcessor.java:97)
	at java.base/java.util.concurrent.Executors$RunnableAdapter.call(Executors.java:539)
	at java.base/java.util.concurrent.FutureTask.run(FutureTask.java:264)
	at java.base/java.util.concurrent.ThreadPoolExecutor.runWorker(ThreadPoolExecutor.java:1136)
	at java.base/java.util.concurrent.ThreadPoolExecutor$Worker.run(ThreadPoolExecutor.java:635)
	at java.base/java.lang.Thread.run(Thread.java:840)

2026.04.17 23:42:53 INFO  no build target found for C:\TestProjects\kafka_test\src\main\java\org\example\kafkamock\KafkaMockApplication.java. Using fallback presentation compiler.
2026.04.17 23:42:54 INFO  no build target found for C:\TestProjects\kafka_test\src\main\java\org\example\kafkamock\KafkaMockApplication.java. Using fallback presentation compiler.
2026.04.17 23:42:53 INFO  no build target found for C:\TestProjects\kafka_test\src\main\java\org\example\kafkamock\KafkaMockApplication.java. Using fallback presentation compiler.
???. 17, 2026 11:42:54 PM org.eclipse.lsp4j.jsonrpc.RemoteEndpoint handleCancellation
WARNING: Unmatched cancel notification for request id 1
2026.04.17 23:42:53 INFO  no build target found for C:\TestProjects\kafka_test\src\main\java\org\example\kafkamock\KafkaMockApplication.java. Using fallback presentation compiler.
2026.04.17 23:42:53 INFO  no build target found for C:\TestProjects\kafka_test\src\main\java\org\example\kafkamock\KafkaMockApplication.java. Using fallback presentation compiler.
2026.04.17 23:42:57 INFO  no build target found for C:\TestProjects\kafka_test\src\main\java\org\example\kafkamock\KafkaMockApplication.java. Using fallback presentation compiler.
???. 17, 2026 11:45:30 PM org.eclipse.lsp4j.jsonrpc.RemoteEndpoint handleNotification
WARNING: Notification threw an exception: {
  "jsonrpc": "2.0",
  "method": "metals/didFocusTextDocument",
  "params": [
    "class:/c%3A/TestProjects/kafka_test/target/classes/org/example/kafkamock/KafkaMockApplication.class"
  ]
}
java.nio.file.FileSystemNotFoundException: Provider "class" not installed
	at java.base/java.nio.file.Path.of(Path.java:212)
	at java.base/java.nio.file.Paths.get(Paths.java:98)
	at scala.meta.internal.mtags.MtagsEnrichments$XtensionURIMtags.toAbsolutePath(MtagsEnrichments.scala:149)
	at scala.meta.internal.mtags.MtagsEnrichments$XtensionStringMtags.toAbsolutePath(MtagsEnrichments.scala:209)
	at scala.meta.internal.metals.MetalsEnrichments$XtensionString.toAbsolutePath(MetalsEnrichments.scala:787)
	at scala.meta.internal.metals.MetalsEnrichments$XtensionString.toAbsolutePath(MetalsEnrichments.scala:784)
	at scala.meta.internal.metals.WorkspaceLspService.didFocus(WorkspaceLspService.scala:808)
	at scala.meta.metals.lsp.DelegatingScalaService.didFocus(DelegatingScalaService.scala:42)
	at java.base/jdk.internal.reflect.NativeMethodAccessorImpl.invoke0(Native Method)
	at java.base/jdk.internal.reflect.NativeMethodAccessorImpl.invoke(NativeMethodAccessorImpl.java:77)
	at java.base/jdk.internal.reflect.DelegatingMethodAccessorImpl.invoke(DelegatingMethodAccessorImpl.java:43)
	at java.base/java.lang.reflect.Method.invoke(Method.java:569)
	at org.eclipse.lsp4j.jsonrpc.services.GenericEndpoint.lambda$recursiveFindRpcMethods$0(GenericEndpoint.java:65)
	at org.eclipse.lsp4j.jsonrpc.services.GenericEndpoint.notify(GenericEndpoint.java:160)
	at org.eclipse.lsp4j.jsonrpc.RemoteEndpoint.handleNotification(RemoteEndpoint.java:225)
	at org.eclipse.lsp4j.jsonrpc.RemoteEndpoint.consume(RemoteEndpoint.java:192)
	at org.eclipse.lsp4j.jsonrpc.json.StreamMessageProducer.handleMessage(StreamMessageProducer.java:189)
	at org.eclipse.lsp4j.jsonrpc.json.StreamMessageProducer.listen(StreamMessageProducer.java:97)
	at org.eclipse.lsp4j.jsonrpc.json.ConcurrentMessageProcessor.run(ConcurrentMessageProcessor.java:97)
	at java.base/java.util.concurrent.Executors$RunnableAdapter.call(Executors.java:539)
	at java.base/java.util.concurrent.FutureTask.run(FutureTask.java:264)
	at java.base/java.util.concurrent.ThreadPoolExecutor.runWorker(ThreadPoolExecutor.java:1136)
	at java.base/java.util.concurrent.ThreadPoolExecutor$Worker.run(ThreadPoolExecutor.java:635)
	at java.base/java.lang.Thread.run(Thread.java:840)

2026.04.17 23:45:32 INFO  no build target found for C:\TestProjects\kafka_test\src\main\java\org\example\kafkamock\KafkaMockApplication.java. Using fallback presentation compiler.
2026.04.17 23:45:32 WARN  no build target for: C:\TestProjects\kafka_test\src\main\java\org\example\kafkamock\KafkaMockApplication.java
2026.04.17 23:45:32 INFO  no build target found for C:\TestProjects\kafka_test\src\main\java\org\example\kafkamock\KafkaMockApplication.java. Using fallback presentation compiler.
2026.04.17 23:45:32 INFO  no build target found for C:\TestProjects\kafka_test\src\main\java\org\example\kafkamock\KafkaMockApplication.java. Using fallback presentation compiler.
2026.04.17 23:45:32 INFO  no build target found for C:\TestProjects\kafka_test\src\main\java\org\example\kafkamock\KafkaMockApplication.java. Using fallback presentation compiler.
2026.04.17 23:45:32 INFO  no build target found for C:\TestProjects\kafka_test\src\main\java\org\example\kafkamock\KafkaMockApplication.java. Using fallback presentation compiler.
2026.04.17 23:45:52 INFO  no build target found for C:\TestProjects\kafka_test\src\main\java\org\example\kafkamock\KafkaMockApplication.java. Using fallback presentation compiler.
2026.04.17 23:45:52 WARN  no build target for: C:\TestProjects\kafka_test\src\main\java\org\example\kafkamock\KafkaMockApplication.java
2026.04.17 23:45:52 INFO  no build target found for C:\TestProjects\kafka_test\src\main\java\org\example\kafkamock\KafkaMockApplication.java. Using fallback presentation compiler.
???. 17, 2026 11:45:52 PM org.eclipse.lsp4j.jsonrpc.RemoteEndpoint handleCancellation
WARNING: Unmatched cancel notification for request id 23
2026.04.17 23:45:52 INFO  no build target found for C:\TestProjects\kafka_test\src\main\java\org\example\kafkamock\KafkaMockApplication.java. Using fallback presentation compiler.
2026.04.17 23:45:52 INFO  no build target found for C:\TestProjects\kafka_test\src\main\java\org\example\kafkamock\KafkaMockApplication.java. Using fallback presentation compiler.
2026.04.17 23:45:52 INFO  no build target found for C:\TestProjects\kafka_test\src\main\java\org\example\kafkamock\KafkaMockApplication.java. Using fallback presentation compiler.
2026.04.18 22:37:44 INFO  no build target found for C:\TestProjects\kafka_test\src\main\java\org\example\kafkamock\KafkaMockApplication.java. Using fallback presentation compiler.
2026.04.18 22:37:44 WARN  no build target for: C:\TestProjects\kafka_test\src\main\java\org\example\kafkamock\KafkaMockApplication.java
2026.04.18 22:37:44 INFO  no build target found for C:\TestProjects\kafka_test\src\main\java\org\example\kafkamock\KafkaMockApplication.java. Using fallback presentation compiler.
???. 18, 2026 10:37:44 PM org.eclipse.lsp4j.jsonrpc.RemoteEndpoint handleCancellation
WARNING: Unmatched cancel notification for request id 32
2026.04.18 22:37:44 INFO  no build target found for C:\TestProjects\kafka_test\src\main\java\org\example\kafkamock\KafkaMockApplication.java. Using fallback presentation compiler.
2026.04.18 22:37:44 INFO  no build target found for C:\TestProjects\kafka_test\src\main\java\org\example\kafkamock\KafkaMockApplication.java. Using fallback presentation compiler.
2026.04.18 22:37:44 INFO  no build target found for C:\TestProjects\kafka_test\src\main\java\org\example\kafkamock\KafkaMockApplication.java. Using fallback presentation compiler.
???. 18, 2026 10:53:22 PM org.eclipse.lsp4j.jsonrpc.services.GenericEndpoint notify
INFO: Unsupported notification method: $/setTrace
2026.04.18 22:55:32 INFO  no build target found for C:\TestProjects\kafka_test\src\main\java\org\example\kafkamock\KafkaMockApplication.java. Using fallback presentation compiler.
2026.04.18 22:55:33 WARN  no build target for: C:\TestProjects\kafka_test\src\main\java\org\example\kafkamock\KafkaMockApplication.java
2026.04.18 22:55:33 INFO  no build target found for C:\TestProjects\kafka_test\src\main\java\org\example\kafkamock\KafkaMockApplication.java. Using fallback presentation compiler.
2026.04.18 22:55:32 INFO  no build target found for C:\TestProjects\kafka_test\src\main\java\org\example\kafkamock\KafkaMockApplication.java. Using fallback presentation compiler.
2026.04.18 22:55:32 INFO  no build target found for C:\TestProjects\kafka_test\src\main\java\org\example\kafkamock\KafkaMockApplication.java. Using fallback presentation compiler.
2026.04.18 22:57:15 INFO  no build target found for C:\TestProjects\kafka_test\src\main\java\org\example\kafkamock\KafkaMockApplication.java. Using fallback presentation compiler.
2026.04.18 23:00:23 INFO  no build target found for C:\TestProjects\kafka_test\src\main\java\org\example\kafkamock\KafkaMockApplication.java. Using fallback presentation compiler.
2026.04.18 23:00:27 WARN  no build target for: C:\TestProjects\kafka_test\src\main\java\org\example\kafkamock\KafkaMockApplication.java
2026.04.18 23:00:27 INFO  no build target found for C:\TestProjects\kafka_test\src\main\java\org\example\kafkamock\KafkaMockApplication.java. Using fallback presentation compiler.
2026.04.18 23:01:02 INFO  no build target found for C:\TestProjects\kafka_test\src\main\java\org\example\kafkamock\KafkaMockApplication.java. Using fallback presentation compiler.
2026.04.18 23:01:02 WARN  no build target for: C:\TestProjects\kafka_test\src\main\java\org\example\kafkamock\KafkaMockApplication.java
2026.04.18 23:01:02 INFO  no build target found for C:\TestProjects\kafka_test\src\main\java\org\example\kafkamock\KafkaMockApplication.java. Using fallback presentation compiler.
2026.04.18 23:01:02 INFO  no build target found for C:\TestProjects\kafka_test\src\main\java\org\example\kafkamock\KafkaMockApplication.java. Using fallback presentation compiler.
2026.04.18 23:01:02 INFO  no build target found for C:\TestProjects\kafka_test\src\main\java\org\example\kafkamock\KafkaMockApplication.java. Using fallback presentation compiler.
2026.04.18 23:07:48 INFO  no build target found for C:\TestProjects\kafka_test\src\main\java\org\example\kafkamock\KafkaMockApplication.java. Using fallback presentation compiler.
2026.04.18 23:07:48 WARN  no build target for: C:\TestProjects\kafka_test\src\main\java\org\example\kafkamock\KafkaMockApplication.java
2026.04.18 23:07:48 INFO  no build target found for C:\TestProjects\kafka_test\src\main\java\org\example\kafkamock\KafkaMockApplication.java. Using fallback presentation compiler.
2026.04.18 23:07:48 INFO  no build target found for C:\TestProjects\kafka_test\src\main\java\org\example\kafkamock\KafkaMockApplication.java. Using fallback presentation compiler.
2026.04.18 23:07:48 INFO  no build target found for C:\TestProjects\kafka_test\src\main\java\org\example\kafkamock\KafkaMockApplication.java. Using fallback presentation compiler.
2026.04.18 23:14:12 INFO  no build target found for C:\TestProjects\kafka_test\src\main\java\org\example\kafkamock\KafkaMockApplication.java. Using fallback presentation compiler.
2026.04.18 23:14:21 INFO  no build target found for C:\TestProjects\kafka_test\src\main\java\org\example\kafkamock\KafkaMockApplication.java. Using fallback presentation compiler.
2026.04.18 23:14:21 WARN  no build target for: C:\TestProjects\kafka_test\src\main\java\org\example\kafkamock\KafkaMockApplication.java
2026.04.18 23:14:21 INFO  no build target found for C:\TestProjects\kafka_test\src\main\java\org\example\kafkamock\KafkaMockApplication.java. Using fallback presentation compiler.
2026.04.18 23:14:21 INFO  no build target found for C:\TestProjects\kafka_test\src\main\java\org\example\kafkamock\KafkaMockApplication.java. Using fallback presentation compiler.
2026.04.18 23:14:21 INFO  no build target found for C:\TestProjects\kafka_test\src\main\java\org\example\kafkamock\KafkaMockApplication.java. Using fallback presentation compiler.
2026.04.18 23:19:38 INFO  no build target found for C:\TestProjects\kafka_test\src\main\java\org\example\kafkamock\KafkaMockApplication.java. Using fallback presentation compiler.
2026.04.18 23:19:38 WARN  no build target for: C:\TestProjects\kafka_test\src\main\java\org\example\kafkamock\KafkaMockApplication.java
2026.04.18 23:19:38 INFO  no build target found for C:\TestProjects\kafka_test\src\main\java\org\example\kafkamock\KafkaMockApplication.java. Using fallback presentation compiler.
2026.04.18 23:19:38 INFO  no build target found for C:\TestProjects\kafka_test\src\main\java\org\example\kafkamock\KafkaMockApplication.java. Using fallback presentation compiler.
2026.04.18 23:19:38 INFO  no build target found for C:\TestProjects\kafka_test\src\main\java\org\example\kafkamock\KafkaMockApplication.java. Using fallback presentation compiler.
2026.04.18 23:22:06 INFO  Shutting down server
2026.04.18 23:22:06 INFO  Memory monitor stopped
2026.04.18 23:22:06 INFO  shutting down Metals
2026.04.18 23:22:06 INFO  Exiting server
2026.04.18 23:22:17 INFO  Started: Metals version 1.6.7 in folders 'C:\TestProjects\kafka_test' for client Visual Studio Code 1.116.0.
2026.04.18 23:22:17 INFO  Memory monitor started
2026.04.18 23:22:17 WARN  Using H2 2.4.240 which is newer than the version Flyway has been verified with. The latest verified version of H2 is 2.3.232.
2026.04.18 23:22:17 INFO  no build target found for C:\TestProjects\kafka_test\src\main\java\org\example\kafkamock\KafkaMockApplication.java. Using fallback presentation compiler.
2026.04.18 23:22:18 INFO  no build target found for C:\TestProjects\kafka_test\src\main\java\org\example\kafkamock\KafkaMockApplication.java. Using fallback presentation compiler.
